interactions:
- request:
    body: null
    headers:
      Accept:
      - application/json;version=2
      Accept-Encoding:
      - gzip, deflate
      Connection:
      - keep-alive
      User-Agent:
      - apypie (https://github.com/Apipie/apypie)
    method: GET
    uri: https://foreman.example.org/api/status
  response:
    body:
      string: '{"result":"ok","status":200,"version":"1.24.1","api_version":2}'
    headers:
      Cache-Control:
      - max-age=0, private, must-revalidate
      Connection:
      - Keep-Alive
      Content-Length:
      - '63'
      Content-Security-Policy:
      - 'default-src ''self''; child-src ''self''; connect-src ''self'' ws: wss:;
        img-src ''self'' data: *.gravatar.com; script-src ''unsafe-eval'' ''unsafe-inline''
        ''self''; style-src ''unsafe-inline'' ''self'''
      Content-Type:
      - application/json; charset=utf-8
      Date:
      - Tue, 18 Feb 2020 21:14:19 GMT
      ETag:
      - W/"46a2e9ebe3393470b5018da3cfc1e32a"
      Foreman_api_version:
      - '2'
      Foreman_current_location:
      - ; ANY
      Foreman_current_organization:
      - ; ANY
      Foreman_version:
      - 1.24.1
      Keep-Alive:
      - timeout=5, max=100
      Server:
      - Apache
      Set-Cookie:
      - _session_id=7a1723df250af515925117e8ffb1f0af; path=/; secure; HttpOnly; SameSite=Lax
      Status:
      - 200 OK
      Strict-Transport-Security:
      - max-age=631139040; includeSubdomains
      X-Content-Type-Options:
      - nosniff
      X-Download-Options:
      - noopen
      X-Frame-Options:
      - sameorigin
      X-Permitted-Cross-Domain-Policies:
      - none
      X-Powered-By:
      - Phusion Passenger 4.0.53
      X-Request-Id:
      - 5c8570ba-f35f-498a-855a-5c82cc9f10f7
      X-Runtime:
      - '0.126113'
      X-XSS-Protection:
      - 1; mode=block
    status:
      code: 200
      message: OK
- request:
    body: null
    headers:
      Accept:
      - application/json;version=2
      Accept-Encoding:
      - gzip, deflate
      Connection:
      - keep-alive
      Cookie:
      - _session_id=7a1723df250af515925117e8ffb1f0af
      User-Agent:
      - apypie (https://github.com/Apipie/apypie)
    method: GET
    uri: https://foreman.example.org/api/smart_class_parameters?search=puppetclass_name%3Dntp+and+parameter%3Dstepout&per_page=4294967296
  response:
    body:
      string: "{\n  \"total\": 976,\n  \"subtotal\": 1,\n  \"page\": 1,\n  \"per_page\":
        4294967296,\n  \"search\": \"puppetclass_name=ntp and parameter=stepout\",\n
        \ \"sort\": {\n    \"by\": null,\n    \"order\": null\n  },\n  \"results\":
        [{\"description\":\"\",\"override\":true,\"parameter_type\":\"integer\",\"hidden_value?\":false,\"omit\":false,\"required\":false,\"validator_type\":\"\",\"validator_rule\":null,\"merge_overrides\":false,\"merge_default\":false,\"avoid_duplicates\":false,\"override_value_order\":\"fqdn\\nhostgroup\\nos\\ndomain\",\"created_at\":\"2020-01-14
        13:40:23 UTC\",\"updated_at\":\"2020-02-18 21:14:17 UTC\",\"use_puppet_default\":false,\"parameter\":\"stepout\",\"id\":57,\"puppetclass_id\":5,\"override_values_count\":2,\"default_value\":5,\"puppetclass_name\":\"ntp\"}]\n}\n"
    headers:
      Cache-Control:
      - max-age=0, private, must-revalidate
      Connection:
      - Keep-Alive
      Content-Security-Policy:
      - 'default-src ''self''; child-src ''self''; connect-src ''self'' ws: wss:;
        img-src ''self'' data: *.gravatar.com; script-src ''unsafe-eval'' ''unsafe-inline''
        ''self''; style-src ''unsafe-inline'' ''self'''
      Content-Type:
      - application/json; charset=utf-8
      Date:
      - Tue, 18 Feb 2020 21:14:19 GMT
      ETag:
      - W/"4ef836d6f07a6ca973603cf7648f1f24-gzip"
      Foreman_api_version:
      - '2'
      Foreman_current_location:
      - ; ANY
      Foreman_current_organization:
      - ; ANY
      Foreman_version:
      - 1.24.1
      Keep-Alive:
      - timeout=5, max=99
      Server:
      - Apache
      Status:
      - 200 OK
      Strict-Transport-Security:
      - max-age=631139040; includeSubdomains
      Vary:
      - Accept-Encoding
      X-Content-Type-Options:
      - nosniff
      X-Download-Options:
      - noopen
      X-Frame-Options:
      - sameorigin
      X-Permitted-Cross-Domain-Policies:
      - none
      X-Powered-By:
      - Phusion Passenger 4.0.53
      X-Request-Id:
      - 04932686-c587-43b4-a984-6e3c67ceba6f
      X-Runtime:
      - '0.033567'
      X-XSS-Protection:
      - 1; mode=block
      content-length:
      - '703'
    status:
      code: 200
      message: OK
- request:
    body: null
    headers:
      Accept:
      - application/json;version=2
      Accept-Encoding:
      - gzip, deflate
      Connection:
      - keep-alive
      Cookie:
      - _session_id=7a1723df250af515925117e8ffb1f0af
      User-Agent:
      - apypie (https://github.com/Apipie/apypie)
    method: GET
    uri: https://foreman.example.org/api/smart_class_parameters/57
  response:
    body:
      string: '{"description":"","override":true,"parameter_type":"integer","hidden_value?":false,"omit":false,"required":false,"validator_type":"","validator_rule":null,"merge_overrides":false,"merge_default":false,"avoid_duplicates":false,"override_value_order":"fqdn\nhostgroup\nos\ndomain","created_at":"2020-01-14
        13:40:23 UTC","updated_at":"2020-02-18 21:14:17 UTC","use_puppet_default":false,"parameter":"stepout","id":57,"puppetclass_id":5,"override_values_count":2,"default_value":5,"puppetclass_name":"ntp","environments":[{"id":1,"name":"production"}],"puppetclass":{"id":5,"name":"ntp","module_name":"ntp"},"override_values":[{"created_at":"2020-02-18
        21:14:18 UTC","updated_at":"2020-02-18 21:14:18 UTC","id":157,"match":"domain=example.com","value":42,"omit":false,"use_puppet_default":false},{"created_at":"2020-02-18
        21:14:18 UTC","updated_at":"2020-02-18 21:14:18 UTC","id":158,"match":"hostgroup=test_hostgroup","value":null,"omit":true,"use_puppet_default":true}]}'
    headers:
      Cache-Control:
      - max-age=0, private, must-revalidate
      Connection:
      - Keep-Alive
      Content-Security-Policy:
      - 'default-src ''self''; child-src ''self''; connect-src ''self'' ws: wss:;
        img-src ''self'' data: *.gravatar.com; script-src ''unsafe-eval'' ''unsafe-inline''
        ''self''; style-src ''unsafe-inline'' ''self'''
      Content-Type:
      - application/json; charset=utf-8
      Date:
      - Tue, 18 Feb 2020 21:14:19 GMT
      ETag:
      - W/"fd23af48da3f513b62a27d4cfc2ed5c4-gzip"
      Foreman_api_version:
      - '2'
      Foreman_current_location:
      - ; ANY
      Foreman_current_organization:
      - ; ANY
      Foreman_version:
      - 1.24.1
      Keep-Alive:
      - timeout=5, max=98
      Server:
      - Apache
      Status:
      - 200 OK
      Strict-Transport-Security:
      - max-age=631139040; includeSubdomains
      Vary:
      - Accept-Encoding
      X-Content-Type-Options:
      - nosniff
      X-Download-Options:
      - noopen
      X-Frame-Options:
      - sameorigin
      X-Permitted-Cross-Domain-Policies:
      - none
      X-Powered-By:
      - Phusion Passenger 4.0.53
      X-Request-Id:
      - 2bd2b30a-e1f6-452f-892d-4b19fc00a1e9
      X-Runtime:
      - '0.028165'
      X-XSS-Protection:
      - 1; mode=block
      content-length:
      - '968'
    status:
      code: 200
      message: OK
- request:
    body: null
    headers:
      Accept:
      - application/json;version=2
      Accept-Encoding:
      - gzip, deflate
      Connection:
      - keep-alive
      Content-Length:
      - '0'
      Cookie:
      - _session_id=7a1723df250af515925117e8ffb1f0af
      User-Agent:
      - apypie (https://github.com/Apipie/apypie)
    method: DELETE
    uri: https://foreman.example.org/api/smart_class_parameters/57/override_values/158
  response:
    body:
      string: '{"created_at":"2020-02-18 21:14:18 UTC","updated_at":"2020-02-18 21:14:18
        UTC","id":158,"match":"hostgroup=test_hostgroup","value":null,"omit":true,"use_puppet_default":true}'
    headers:
      Cache-Control:
      - max-age=0, private, must-revalidate
      Connection:
      - Keep-Alive
      Content-Security-Policy:
      - 'default-src ''self''; child-src ''self''; connect-src ''self'' ws: wss:;
        img-src ''self'' data: *.gravatar.com; script-src ''unsafe-eval'' ''unsafe-inline''
        ''self''; style-src ''unsafe-inline'' ''self'''
      Content-Type:
      - application/json; charset=utf-8
      Date:
      - Tue, 18 Feb 2020 21:14:19 GMT
      ETag:
      - W/"67938c767aa4786d467bc8dd09ad0645-gzip"
      Foreman_api_version:
      - '2'
      Foreman_current_location:
      - ; ANY
      Foreman_current_organization:
      - ; ANY
      Foreman_version:
      - 1.24.1
      Keep-Alive:
      - timeout=5, max=97
      Server:
      - Apache
      Set-Cookie:
      - request_method=DELETE; path=/; secure; HttpOnly; SameSite=Lax
      Status:
      - 200 OK
      Strict-Transport-Security:
      - max-age=631139040; includeSubdomains
      Vary:
      - Accept-Encoding
      X-Content-Type-Options:
      - nosniff
      X-Download-Options:
      - noopen
      X-Frame-Options:
      - sameorigin
      X-Permitted-Cross-Domain-Policies:
      - none
      X-Powered-By:
      - Phusion Passenger 4.0.53
      X-Request-Id:
      - dc6b5c02-d7ad-49c9-b8f7-71d36689ea5f
      X-Runtime:
      - '0.034124'
      X-XSS-Protection:
      - 1; mode=block
      content-length:
      - '174'
    status:
      code: 200
      message: OK
version: 1
