interactions:
- request:
    body: null
    headers:
      Accept:
      - application/json;version=2
      Accept-Encoding:
      - gzip, deflate
      Connection:
      - keep-alive
      User-Agent:
      - apypie (https://github.com/Apipie/apypie)
    method: GET
    uri: https://foreman.example.org/api/status
  response:
    body:
      string: '{"result":"ok","status":200,"version":"1.24.1","api_version":2}'
    headers:
      Cache-Control:
      - max-age=0, private, must-revalidate
      Connection:
      - Keep-Alive
      Content-Length:
      - '63'
      Content-Security-Policy:
      - 'default-src ''self''; child-src ''self''; connect-src ''self'' ws: wss:;
        img-src ''self'' data: *.gravatar.com; script-src ''unsafe-eval'' ''unsafe-inline''
        ''self''; style-src ''unsafe-inline'' ''self'''
      Content-Type:
      - application/json; charset=utf-8
      Date:
      - Tue, 18 Feb 2020 21:14:10 GMT
      ETag:
      - W/"46a2e9ebe3393470b5018da3cfc1e32a"
      Foreman_api_version:
      - '2'
      Foreman_current_location:
      - ; ANY
      Foreman_current_organization:
      - ; ANY
      Foreman_version:
      - 1.24.1
      Keep-Alive:
      - timeout=5, max=100
      Server:
      - Apache
      Set-Cookie:
      - _session_id=aed53687c8420527e7ca4e5341d07a3b; path=/; secure; HttpOnly; SameSite=Lax
      Status:
      - 200 OK
      Strict-Transport-Security:
      - max-age=631139040; includeSubdomains
      X-Content-Type-Options:
      - nosniff
      X-Download-Options:
      - noopen
      X-Frame-Options:
      - sameorigin
      X-Permitted-Cross-Domain-Policies:
      - none
      X-Powered-By:
      - Phusion Passenger 4.0.53
      X-Request-Id:
      - 0b50c9ff-a591-47a6-a2a0-c6f6e176fa2c
      X-Runtime:
      - '0.126741'
      X-XSS-Protection:
      - 1; mode=block
    status:
      code: 200
      message: OK
- request:
    body: null
    headers:
      Accept:
      - application/json;version=2
      Accept-Encoding:
      - gzip, deflate
      Connection:
      - keep-alive
      Cookie:
      - _session_id=aed53687c8420527e7ca4e5341d07a3b
      User-Agent:
      - apypie (https://github.com/Apipie/apypie)
    method: GET
    uri: https://foreman.example.org/api/smart_class_parameters?search=puppetclass_name%3Dntp+and+parameter%3Dburst&per_page=4294967296
  response:
    body:
      string: "{\n  \"total\": 976,\n  \"subtotal\": 1,\n  \"page\": 1,\n  \"per_page\":
        4294967296,\n  \"search\": \"puppetclass_name=ntp and parameter=burst\",\n
        \ \"sort\": {\n    \"by\": null,\n    \"order\": null\n  },\n  \"results\":
        [{\"description\":\"\",\"override\":false,\"parameter_type\":\"\",\"hidden_value?\":false,\"omit\":false,\"required\":false,\"validator_type\":\"\",\"validator_rule\":null,\"merge_overrides\":false,\"merge_default\":false,\"avoid_duplicates\":false,\"override_value_order\":\"fqdn\\nhostgroup\\nos\\ndomain\",\"created_at\":\"2020-01-14
        13:40:22 UTC\",\"updated_at\":\"2020-02-18 21:13:51 UTC\",\"use_puppet_default\":false,\"parameter\":\"burst\",\"id\":10,\"puppetclass_id\":5,\"override_values_count\":0,\"default_value\":\"\",\"puppetclass_name\":\"ntp\"}]\n}\n"
    headers:
      Cache-Control:
      - max-age=0, private, must-revalidate
      Connection:
      - Keep-Alive
      Content-Security-Policy:
      - 'default-src ''self''; child-src ''self''; connect-src ''self'' ws: wss:;
        img-src ''self'' data: *.gravatar.com; script-src ''unsafe-eval'' ''unsafe-inline''
        ''self''; style-src ''unsafe-inline'' ''self'''
      Content-Type:
      - application/json; charset=utf-8
      Date:
      - Tue, 18 Feb 2020 21:14:10 GMT
      ETag:
      - W/"465eb840a3a8c9112a900d7d0bd281c1-gzip"
      Foreman_api_version:
      - '2'
      Foreman_current_location:
      - ; ANY
      Foreman_current_organization:
      - ; ANY
      Foreman_version:
      - 1.24.1
      Keep-Alive:
      - timeout=5, max=99
      Server:
      - Apache
      Status:
      - 200 OK
      Strict-Transport-Security:
      - max-age=631139040; includeSubdomains
      Vary:
      - Accept-Encoding
      X-Content-Type-Options:
      - nosniff
      X-Download-Options:
      - noopen
      X-Frame-Options:
      - sameorigin
      X-Permitted-Cross-Domain-Policies:
      - none
      X-Powered-By:
      - Phusion Passenger 4.0.53
      X-Request-Id:
      - 6ad9703f-ab4f-4ea5-9e4e-7e3ee9f1d5a8
      X-Runtime:
      - '0.033262'
      X-XSS-Protection:
      - 1; mode=block
      content-length:
      - '694'
    status:
      code: 200
      message: OK
- request:
    body: null
    headers:
      Accept:
      - application/json;version=2
      Accept-Encoding:
      - gzip, deflate
      Connection:
      - keep-alive
      Cookie:
      - _session_id=aed53687c8420527e7ca4e5341d07a3b
      User-Agent:
      - apypie (https://github.com/Apipie/apypie)
    method: GET
    uri: https://foreman.example.org/api/smart_class_parameters/10
  response:
    body:
      string: '{"description":"","override":false,"parameter_type":"","hidden_value?":false,"omit":false,"required":false,"validator_type":"","validator_rule":null,"merge_overrides":false,"merge_default":false,"avoid_duplicates":false,"override_value_order":"fqdn\nhostgroup\nos\ndomain","created_at":"2020-01-14
        13:40:22 UTC","updated_at":"2020-02-18 21:13:51 UTC","use_puppet_default":false,"parameter":"burst","id":10,"puppetclass_id":5,"override_values_count":0,"default_value":"","puppetclass_name":"ntp","environments":[{"id":1,"name":"production"}],"puppetclass":{"id":5,"name":"ntp","module_name":"ntp"},"override_values":[]}'
    headers:
      Cache-Control:
      - max-age=0, private, must-revalidate
      Connection:
      - Keep-Alive
      Content-Security-Policy:
      - 'default-src ''self''; child-src ''self''; connect-src ''self'' ws: wss:;
        img-src ''self'' data: *.gravatar.com; script-src ''unsafe-eval'' ''unsafe-inline''
        ''self''; style-src ''unsafe-inline'' ''self'''
      Content-Type:
      - application/json; charset=utf-8
      Date:
      - Tue, 18 Feb 2020 21:14:10 GMT
      ETag:
      - W/"d8bfd5ff24ecfcaacda65c1fe52f3735-gzip"
      Foreman_api_version:
      - '2'
      Foreman_current_location:
      - ; ANY
      Foreman_current_organization:
      - ; ANY
      Foreman_version:
      - 1.24.1
      Keep-Alive:
      - timeout=5, max=98
      Server:
      - Apache
      Status:
      - 200 OK
      Strict-Transport-Security:
      - max-age=631139040; includeSubdomains
      Vary:
      - Accept-Encoding
      X-Content-Type-Options:
      - nosniff
      X-Download-Options:
      - noopen
      X-Frame-Options:
      - sameorigin
      X-Permitted-Cross-Domain-Policies:
      - none
      X-Powered-By:
      - Phusion Passenger 4.0.53
      X-Request-Id:
      - 99fb60ac-9f01-4363-a725-fd3193a334dc
      X-Runtime:
      - '0.024329'
      X-XSS-Protection:
      - 1; mode=block
      content-length:
      - '618'
    status:
      code: 200
      message: OK
- request:
    body: '{"smart_class_parameter": {"override": true, "default_value": true, "parameter_type":
      "boolean"}}'
    headers:
      Accept:
      - application/json;version=2
      Accept-Encoding:
      - gzip, deflate
      Connection:
      - keep-alive
      Content-Length:
      - '97'
      Content-Type:
      - application/json
      Cookie:
      - _session_id=aed53687c8420527e7ca4e5341d07a3b
      User-Agent:
      - apypie (https://github.com/Apipie/apypie)
    method: PUT
    uri: https://foreman.example.org/api/smart_class_parameters/10
  response:
    body:
      string: '{"description":"","override":true,"parameter_type":"boolean","hidden_value?":false,"omit":false,"required":false,"validator_type":"","validator_rule":null,"merge_overrides":false,"merge_default":false,"avoid_duplicates":false,"override_value_order":"fqdn\nhostgroup\nos\ndomain","created_at":"2020-01-14
        13:40:22 UTC","updated_at":"2020-02-18 21:14:10 UTC","use_puppet_default":false,"parameter":"burst","id":10,"puppetclass_id":5,"override_values_count":0,"default_value":true,"puppetclass_name":"ntp","environments":[{"id":1,"name":"production"}],"puppetclass":{"id":5,"name":"ntp","module_name":"ntp"},"override_values":[]}'
    headers:
      Cache-Control:
      - max-age=0, private, must-revalidate
      Connection:
      - Keep-Alive
      Content-Security-Policy:
      - 'default-src ''self''; child-src ''self''; connect-src ''self'' ws: wss:;
        img-src ''self'' data: *.gravatar.com; script-src ''unsafe-eval'' ''unsafe-inline''
        ''self''; style-src ''unsafe-inline'' ''self'''
      Content-Type:
      - application/json; charset=utf-8
      Date:
      - Tue, 18 Feb 2020 21:14:10 GMT
      ETag:
      - W/"34576755b0afcd85dba612f091c2ce2a-gzip"
      Foreman_api_version:
      - '2'
      Foreman_current_location:
      - ; ANY
      Foreman_current_organization:
      - ; ANY
      Foreman_version:
      - 1.24.1
      Keep-Alive:
      - timeout=5, max=97
      Server:
      - Apache
      Set-Cookie:
      - request_method=PUT; path=/; secure; HttpOnly; SameSite=Lax
      Status:
      - 200 OK
      Strict-Transport-Security:
      - max-age=631139040; includeSubdomains
      Vary:
      - Accept-Encoding
      X-Content-Type-Options:
      - nosniff
      X-Download-Options:
      - noopen
      X-Frame-Options:
      - sameorigin
      X-Permitted-Cross-Domain-Policies:
      - none
      X-Powered-By:
      - Phusion Passenger 4.0.53
      X-Request-Id:
      - d00887f3-5fc2-46e8-9437-e49559f592d7
      X-Runtime:
      - '0.059885'
      X-XSS-Protection:
      - 1; mode=block
      content-length:
      - '626'
    status:
      code: 200
      message: OK
version: 1
