interactions:
- request:
    body: null
    headers:
      Accept:
      - application/json;version=2
      Accept-Encoding:
      - gzip, deflate
      Connection:
      - keep-alive
      User-Agent:
      - apypie (https://github.com/Apipie/apypie)
    method: GET
    uri: https://centos7-katello-3-14.yatsu.example.com/api/status
  response:
    body:
      string: '{"result":"ok","status":200,"version":"1.24.0","api_version":2}'
    headers:
      Cache-Control:
      - max-age=0, private, must-revalidate
      Connection:
      - Keep-Alive
      Content-Length:
      - '63'
      Content-Security-Policy:
      - 'default-src ''self''; child-src ''self''; connect-src ''self'' ws: wss:;
        img-src ''self'' data: *.gravatar.com; script-src ''unsafe-eval'' ''unsafe-inline''
        ''self''; style-src ''unsafe-inline'' ''self'''
      Content-Type:
      - application/json; charset=utf-8
      Date:
      - Fri, 03 Jan 2020 14:53:34 GMT
      ETag:
      - W/"53b0d6d0bf9fce118840f03bbd316797"
      Foreman_api_version:
      - '2'
      Foreman_current_location:
      - ; ANY
      Foreman_current_organization:
      - ; ANY
      Foreman_version:
      - 1.24.0
      Keep-Alive:
      - timeout=5, max=10000
      Server:
      - Apache
      Set-Cookie:
      - _session_id=312aaec716c287daeb7534fc35cda015; path=/; secure; HttpOnly; SameSite=Lax
      Status:
      - 200 OK
      Strict-Transport-Security:
      - max-age=631139040; includeSubdomains
      X-Content-Type-Options:
      - nosniff
      X-Download-Options:
      - noopen
      X-Frame-Options:
      - sameorigin
      X-Permitted-Cross-Domain-Policies:
      - none
      X-Powered-By:
      - Phusion Passenger 4.0.53
      X-Request-Id:
      - ca2d991b-7447-4951-8af2-dc678ab01fcf
      X-Runtime:
      - '0.086258'
      X-XSS-Protection:
      - 1; mode=block
    status:
      code: 200
      message: OK
- request:
    body: null
    headers:
      Accept:
      - application/json;version=2
      Accept-Encoding:
      - gzip, deflate
      Connection:
      - keep-alive
      Cookie:
      - _session_id=312aaec716c287daeb7534fc35cda015
      User-Agent:
      - apypie (https://github.com/Apipie/apypie)
    method: GET
    uri: https://centos7-katello-3-14.yatsu.example.com/katello/api/organizations?search=name%3D%22Test+Organization%22&per_page=4294967296
  response:
    body:
      string: "{\n  \"total\": 2,\n  \"subtotal\": 1,\n  \"page\": 1,\n  \"per_page\"\
        : 4294967296,\n  \"search\": \"name=\\\"Test Organization\\\"\",\n  \"sort\"\
        : {\n    \"by\": null,\n    \"order\": null\n  },\n  \"results\": [{\"label\"\
        :\"Test_Organization\",\"created_at\":\"2020-01-03 13:59:47 UTC\",\"updated_at\"\
        :\"2020-01-03 14:52:31 UTC\",\"id\":4,\"name\":\"Test Organization\",\"title\"\
        :\"Test Organization\",\"description\":\"A test organization\"}]\n}\n"
    headers:
      Cache-Control:
      - max-age=0, private, must-revalidate
      Connection:
      - Keep-Alive
      Content-Security-Policy:
      - 'default-src ''self''; child-src ''self''; connect-src ''self'' ws: wss:;
        img-src ''self'' data: *.gravatar.com; script-src ''unsafe-eval'' ''unsafe-inline''
        ''self''; style-src ''unsafe-inline'' ''self'''
      Content-Type:
      - application/json; charset=utf-8
      Date:
      - Fri, 03 Jan 2020 14:53:34 GMT
      ETag:
      - W/"e0a898f81b9b53cdb6f6756852f62097-gzip"
      Foreman_api_version:
      - '2'
      Foreman_current_location:
      - ; ANY
      Foreman_current_organization:
      - ; ANY
      Foreman_version:
      - 1.24.0
      Keep-Alive:
      - timeout=5, max=9999
      Server:
      - Apache
      Status:
      - 200 OK
      Strict-Transport-Security:
      - max-age=631139040; includeSubdomains
      Vary:
      - Accept-Encoding
      X-Content-Type-Options:
      - nosniff
      X-Download-Options:
      - noopen
      X-Frame-Options:
      - sameorigin
      X-Permitted-Cross-Domain-Policies:
      - none
      X-Powered-By:
      - Phusion Passenger 4.0.53
      X-Request-Id:
      - 75ca846f-a01e-4200-9c52-fde4d525f6dc
      X-Runtime:
      - '0.019590'
      X-XSS-Protection:
      - 1; mode=block
      content-length:
      - '388'
    status:
      code: 200
      message: OK
- request:
    body: null
    headers:
      Accept:
      - application/json;version=2
      Accept-Encoding:
      - gzip, deflate
      Connection:
      - keep-alive
      Cookie:
      - _session_id=312aaec716c287daeb7534fc35cda015
      User-Agent:
      - apypie (https://github.com/Apipie/apypie)
    method: GET
    uri: https://centos7-katello-3-14.yatsu.example.com/katello/api/repository_sets?organization_id=4&search=label%3D%22rhel-8-for-x86_64-baseos-rpms%22&per_page=4294967296
  response:
    body:
      string: '{"total":1666,"subtotal":1,"page":1,"per_page":"4294967296","error":null,"search":"label=\"rhel-8-for-x86_64-baseos-rpms\"","sort":{"by":"name","order":"asc"},"results":[{"enabled":true,"product":{"id":55,"name":"Red
        Hat Enterprise Linux for x86_64"},"repositories":[{"id":90,"name":"Red Hat
        Enterprise Linux 8 for x86_64 - BaseOS RPMs 8","arch":"noarch","releasever":"8"}],"name":"Red
        Hat Enterprise Linux 8 for x86_64 - BaseOS (RPMs)","vendor":"Red Hat","label":"rhel-8-for-x86_64-baseos-rpms","id":"7416","type":"yum","gpgUrl":"file:///etc/pki/rpm-gpg/RPM-GPG-KEY-redhat-release","contentUrl":"/content/dist/rhel8/$releasever/x86_64/baseos/os"}]}

        '
    headers:
      Cache-Control:
      - max-age=0, private, must-revalidate
      Connection:
      - Keep-Alive
      Content-Security-Policy:
      - 'default-src ''self''; child-src ''self''; connect-src ''self'' ws: wss:;
        img-src ''self'' data: *.gravatar.com; script-src ''unsafe-eval'' ''unsafe-inline''
        ''self''; style-src ''unsafe-inline'' ''self'''
      Content-Type:
      - application/json; charset=utf-8
      Date:
      - Fri, 03 Jan 2020 14:53:34 GMT
      ETag:
      - W/"c867a9854f0e643afd76aa1566bce6b5-gzip"
      Foreman_api_version:
      - '2'
      Foreman_current_location:
      - ; ANY
      Foreman_current_organization:
      - 4; Test Organization
      Foreman_version:
      - 1.24.0
      Keep-Alive:
      - timeout=5, max=9998
      Server:
      - Apache
      Status:
      - 200 OK
      Strict-Transport-Security:
      - max-age=631139040; includeSubdomains
      Vary:
      - Accept-Encoding
      X-Content-Type-Options:
      - nosniff
      X-Download-Options:
      - noopen
      X-Frame-Options:
      - sameorigin
      X-Permitted-Cross-Domain-Policies:
      - none
      X-Powered-By:
      - Phusion Passenger 4.0.53
      X-Request-Id:
      - 1ca054b4-2b4b-4d63-8dcb-60579158c258
      X-Runtime:
      - '0.060366'
      X-XSS-Protection:
      - 1; mode=block
      content-length:
      - '650'
    status:
      code: 200
      message: OK
- request:
    body: null
    headers:
      Accept:
      - application/json;version=2
      Accept-Encoding:
      - gzip, deflate
      Connection:
      - keep-alive
      Cookie:
      - _session_id=312aaec716c287daeb7534fc35cda015
      User-Agent:
      - apypie (https://github.com/Apipie/apypie)
    method: GET
    uri: https://centos7-katello-3-14.yatsu.example.com/katello/api/repository_sets/7416?organization_id=4
  response:
    body:
      string: '  {"enabled":true,"product":{"id":55,"name":"Red Hat Enterprise Linux
        for x86_64"},"repositories":[{"id":90,"name":"Red Hat Enterprise Linux 8 for
        x86_64 - BaseOS RPMs 8","arch":"noarch","releasever":"8"}],"name":"Red Hat
        Enterprise Linux 8 for x86_64 - BaseOS (RPMs)","vendor":"Red Hat","label":"rhel-8-for-x86_64-baseos-rpms","id":"7416","type":"yum","gpgUrl":"file:///etc/pki/rpm-gpg/RPM-GPG-KEY-redhat-release","contentUrl":"/content/dist/rhel8/$releasever/x86_64/baseos/os"}

        '
    headers:
      Cache-Control:
      - max-age=0, private, must-revalidate
      Connection:
      - Keep-Alive
      Content-Security-Policy:
      - 'default-src ''self''; child-src ''self''; connect-src ''self'' ws: wss:;
        img-src ''self'' data: *.gravatar.com; script-src ''unsafe-eval'' ''unsafe-inline''
        ''self''; style-src ''unsafe-inline'' ''self'''
      Content-Type:
      - application/json; charset=utf-8
      Date:
      - Fri, 03 Jan 2020 14:53:34 GMT
      ETag:
      - W/"a5635820578a1c6e7bd2b3f38019488e-gzip"
      Foreman_api_version:
      - '2'
      Foreman_current_location:
      - ; ANY
      Foreman_current_organization:
      - 4; Test Organization
      Foreman_version:
      - 1.24.0
      Keep-Alive:
      - timeout=5, max=9997
      Server:
      - Apache
      Status:
      - 200 OK
      Strict-Transport-Security:
      - max-age=631139040; includeSubdomains
      Vary:
      - Accept-Encoding
      X-Content-Type-Options:
      - nosniff
      X-Download-Options:
      - noopen
      X-Frame-Options:
      - sameorigin
      X-Permitted-Cross-Domain-Policies:
      - none
      X-Powered-By:
      - Phusion Passenger 4.0.53
      X-Request-Id:
      - b03db6e1-ecd9-4530-8ea3-44242a8d6aec
      X-Runtime:
      - '0.032846'
      X-XSS-Protection:
      - 1; mode=block
      content-length:
      - '480'
    status:
      code: 200
      message: OK
- request:
    body: null
    headers:
      Accept:
      - application/json;version=2
      Accept-Encoding:
      - gzip, deflate
      Connection:
      - keep-alive
      Cookie:
      - _session_id=312aaec716c287daeb7534fc35cda015
      User-Agent:
      - apypie (https://github.com/Apipie/apypie)
    method: GET
    uri: https://centos7-katello-3-14.yatsu.example.com/katello/api/products/55/repository_sets/7416/available_repositories?organization_id=4
  response:
    body:
      string: '{"total":3,"subtotal":3,"page":null,"per_page":null,"error":null,"search":null,"sort":{"by":null,"order":null},"results":[{"substitutions":{"releasever":"8"},"path":"/content/dist/rhel8/8/x86_64/baseos/os","repo_name":"Red
        Hat Enterprise Linux 8 for x86_64 - BaseOS RPMs 8","pulp_id":"80323252-35f6-4739-8f18-3552253dd093","name":"Red
        Hat Enterprise Linux 8 for x86_64 - BaseOS (RPMs)","enabled":true,"promoted":false,"repository_id":90},{"substitutions":{"releasever":"8.1"},"path":"/content/dist/rhel8/8.1/x86_64/baseos/os","repo_name":"Red
        Hat Enterprise Linux 8 for x86_64 - BaseOS RPMs 8.1","pulp_id":"66486d7f-6706-467a-81c8-ffae045a4e2f","name":"Red
        Hat Enterprise Linux 8 for x86_64 - BaseOS (RPMs)","enabled":false,"promoted":false,"repository_id":null},{"substitutions":{"releasever":"8.0"},"path":"/content/dist/rhel8/8.0/x86_64/baseos/os","repo_name":"Red
        Hat Enterprise Linux 8 for x86_64 - BaseOS RPMs 8.0","pulp_id":"5311a2ff-0d3c-4e31-81c9-4e93c9648f70","name":"Red
        Hat Enterprise Linux 8 for x86_64 - BaseOS (RPMs)","enabled":false,"promoted":false,"repository_id":null}]}

        '
    headers:
      Cache-Control:
      - max-age=0, private, must-revalidate
      Connection:
      - Keep-Alive
      Content-Security-Policy:
      - 'default-src ''self''; child-src ''self''; connect-src ''self'' ws: wss:;
        img-src ''self'' data: *.gravatar.com; script-src ''unsafe-eval'' ''unsafe-inline''
        ''self''; style-src ''unsafe-inline'' ''self'''
      Content-Type:
      - application/json; charset=utf-8
      Date:
      - Fri, 03 Jan 2020 14:53:35 GMT
      ETag:
      - W/"e5eca907a0322240941d671ac8d64327-gzip"
      Foreman_api_version:
      - '2'
      Foreman_current_location:
      - ; ANY
      Foreman_current_organization:
      - 4; Test Organization
      Foreman_version:
      - 1.24.0
      Keep-Alive:
      - timeout=5, max=9996
      Server:
      - Apache
      Status:
      - 200 OK
      Strict-Transport-Security:
      - max-age=631139040; includeSubdomains
      Vary:
      - Accept-Encoding
      X-Content-Type-Options:
      - nosniff
      X-Download-Options:
      - noopen
      X-Frame-Options:
      - sameorigin
      X-Permitted-Cross-Domain-Policies:
      - none
      X-Powered-By:
      - Phusion Passenger 4.0.53
      X-Request-Id:
      - 8f2c29d1-9d4a-4f3b-b823-85b8d3fee597
      X-Runtime:
      - '0.713885'
      X-XSS-Protection:
      - 1; mode=block
      content-length:
      - '1090'
    status:
      code: 200
      message: OK
version: 1
